// Jest Snapshot v1, https://goo.gl/fbAQLP

exports[`<Orizzonte /> should render an empty filter container 1`] = `
<div
  className="orizzonte__container orizzonte__clearfix"
  onBlur={[Function]}
  onFocus={[Function]}
  onMouseOut={[Function]}
  onMouseOver={[Function]}
>
  <OrizzonteBtnAdd
    available={Array []}
    disabled={false}
    onGroupAdd={[Function]}
    position="right"
    shown={true}
  />
</div>
`;
