// Jest Snapshot v1, https://goo.gl/fbAQLP

exports[`<Orizzonte /> should render a simple filter container with custom className / styles 1`] = `
<div
  className="orizzonte__container orizzonte__clearfix custom__class"
  onBlur={[Function]}
  onFocus={[Function]}
  onMouseOut={[Function]}
  onMouseOver={[Function]}
  style={
    Object {
      "border": "3px solid #000",
    }
  }
>
  <OrizzonteGroup
    active={false}
    className={null}
    collapseGroupOnClickOutside={false}
    description={null}
    dispatchOnFilterChange={false}
    doneBtnLabel={null}
    groupTopLabels={false}
    hideClear={false}
    hideDone={false}
    hideRemove={false}
    i={0}
    included={true}
    initialState={
      Object {
        "testSelect": 1,
      }
    }
    key=".0"
    label="Test group"
    listMinWidth={null}
    mutuallyExclusiveFilters={false}
    onGroupRemove={[Function]}
    onGroupToggle={[Function]}
    onUpdate={[Function]}
    orientation="left"
    queryPart={
      Object {
        "testSelect": 2,
      }
    }
    removeBtnLabel={null}
    style={Object {}}
  >
    <OrizzonteSelect
      disabled={false}
      fieldName="testSelect"
      information={null}
      label="Test select"
      notSetLabel={false}
      onUpdate={[Function]}
      options={
        Array [
          Object {
            "label": "Test value 1",
            "value": 1,
          },
          Object {
            "label": "Test value 2",
            "value": 2,
          },
        ]
      }
      value=""
    />
  </OrizzonteGroup>
  <OrizzonteBtnAdd
    available={Array []}
    disabled={false}
    label={null}
    onGroupAdd={[Function]}
    position="right"
    shown={true}
  />
  <OrizzonteBtnClearAll
    clearAllLabel={null}
    disabled={false}
    onClearAll={[Function]}
    position="right"
    shown={true}
  />
  <OrizzonteBtnSave
    disabled={false}
    onSave={[Function]}
    position="right"
    saveLabel={null}
    shown={true}
  />
</div>
`;

exports[`<Orizzonte /> should render an empty filter container 1`] = `
<div
  className="orizzonte__container orizzonte__clearfix"
  onBlur={[Function]}
  onFocus={[Function]}
  onMouseOut={[Function]}
  onMouseOver={[Function]}
  style={null}
>
  <OrizzonteBtnAdd
    available={Array []}
    disabled={false}
    label={null}
    onGroupAdd={[Function]}
    position="right"
    shown={true}
  />
</div>
`;
